
 Program  MARK  - Survival Rate Estimation with Capture-Recapture Data
 gfortran(dble/PIM2) Vers. 11.2 Nov 2025  24-Feb-2026 10:37:25    Page  001
  
 - - - - - - - - - - - - - - - - - - - - - - - - - - - - - - - - - - - - - -
 
 Welcome to MARK emily on machine HAMANTTHINKS in subdirectory
   "C:\github\NTRES-6120\Lab 4 CJS Multi-model Inference" running file "mark005.inp".
 This version was compiled by GCC version 15.2.0 using the options: 
  -cpp -iprefix C:/tdm-gcc-64/mingw64-15-2/bin/../lib/gcc/
  x86_64-w64-mingw32/15.2.0/ -D_MT -D_REENTRANT -U_REENTRANT -D
  dbleprecision -m64 -march=x86-64 -mtune=generic -mthreads -O3 -std=f2023
  -fimplicit-none -ffpe-summary=invalid,zero,overflow,underflow
  -funroll-loops -fno-unsafe-math-optimizations -frounding-math
  -fsignaling-nans -fprefetch-loop-arrays -fall-intrinsics -fopenmp

 This problem will use 11 of 12 possible threads.
 Static thread allocation is used.
 INPUT --- proc title ;

 For procedure title CPU Time was 0.001 secs and System Time was 0.001 secs.
 INPUT --- proc chmatrix occasions= 7 groups= 2 etype= Live Nodes= 101 
 INPUT --- ICMeans NoHist hist= 55 ;
 INPUT ---    time interval 1 1 1 1 1 1 ;
 INPUT ---    glabel(1)=sexFemale;
 INPUT ---    glabel(2)=sexMale;

   * *  WARNING  * *   At least a pair of the encounter histories are duplicates. 

      Number of unique encounter histories read was 32.

      Number of individual covariates read was 0.
      Time interval lengths are all equal to 1.

      Data type number is 1
      Data type is Live Recaptures (CJS)

 For procedure chmatrix CPU Time was 0.001 secs and System Time was 0.001 secs.

Program  MARK  - Survival Rate Estimation with Capture-Recapture Data
 gfortran(dble/PIM2) Vers. 11.2 Nov 2025  24-Feb-2026 10:37:25    Page  002
 - - - - - - - - - - - - - - - - - - - - - - - - - - - - - - - - - - - - - -
 


 INPUT --- proc estimate link=Logit NOLOOP varest=2ndPart    ;
 INPUT --- model={ Phi(~sex + cohort + time)p(~sex + time) };
 INPUT ---    group=1 Phi    rows=6 cols=6 Triang ;
 INPUT ---        1 2 3 4 5 6 ;
 INPUT ---        7 8 9 10 11 ;
 INPUT ---        12 13 14 15 ;
 INPUT ---        16 17 18 ;
 INPUT ---        19 20 ;
 INPUT ---        21 ;
 INPUT ---    group=2 Phi    rows=6 cols=6 Triang ;
 INPUT ---        22 23 24 25 26 27 ;
 INPUT ---        28 29 30 31 32 ;
 INPUT ---        33 34 35 36 ;
 INPUT ---        37 38 39 ;
 INPUT ---        40 41 ;
 INPUT ---        42 ;
 INPUT ---    group=1 p    rows=6 cols=6 Triang ;
 INPUT ---        43 44 45 46 47 48 ;
 INPUT ---        44 45 46 47 48 ;
 INPUT ---        45 46 47 48 ;
 INPUT ---        46 47 48 ;
 INPUT ---        47 48 ;
 INPUT ---        48 ;
 INPUT ---    group=2 p    rows=6 cols=6 Triang ;
 INPUT ---        49 50 51 52 53 54 ;
 INPUT ---        50 51 52 53 54 ;
 INPUT ---        51 52 53 54 ;
 INPUT ---        52 53 54 ;
 INPUT ---        53 54 ;
 INPUT ---        54 ;
 INPUT ---    design matrix constraints=54 covariates=19;
 INPUT ---        1 0 0 0 0 0 0 0 0 0 0 0 0 0 0 0 0 0 0;
 INPUT ---        1 0 0 0 0 0 0 1 0 0 0 0 0 0 0 0 0 0 0;
 INPUT ---        1 0 0 0 0 0 0 0 1 0 0 0 0 0 0 0 0 0 0;
 INPUT ---        1 0 0 0 0 0 0 0 0 1 0 0 0 0 0 0 0 0 0;
 INPUT ---        1 0 0 0 0 0 0 0 0 0 1 0 0 0 0 0 0 0 0;
 INPUT ---        1 0 0 0 0 0 0 0 0 0 0 1 0 0 0 0 0 0 0;
 INPUT ---        1 0 1 0 0 0 0 1 0 0 0 0 0 0 0 0 0 0 0;
 INPUT ---        1 0 1 0 0 0 0 0 1 0 0 0 0 0 0 0 0 0 0;
 INPUT ---        1 0 1 0 0 0 0 0 0 1 0 0 0 0 0 0 0 0 0;
 INPUT ---        1 0 1 0 0 0 0 0 0 0 1 0 0 0 0 0 0 0 0;
 INPUT ---        1 0 1 0 0 0 0 0 0 0 0 1 0 0 0 0 0 0 0;
 INPUT ---        1 0 0 1 0 0 0 0 1 0 0 0 0 0 0 0 0 0 0;
 INPUT ---        1 0 0 1 0 0 0 0 0 1 0 0 0 0 0 0 0 0 0;

Program  MARK  - Survival Rate Estimation with Capture-Recapture Data
 gfortran(dble/PIM2) Vers. 11.2 Nov 2025  24-Feb-2026 10:37:25    Page  003
 - - - - - - - - - - - - - - - - - - - - - - - - - - - - - - - - - - - - - -
 
 INPUT ---        1 0 0 1 0 0 0 0 0 0 1 0 0 0 0 0 0 0 0;
 INPUT ---        1 0 0 1 0 0 0 0 0 0 0 1 0 0 0 0 0 0 0;
 INPUT ---        1 0 0 0 1 0 0 0 0 1 0 0 0 0 0 0 0 0 0;
 INPUT ---        1 0 0 0 1 0 0 0 0 0 1 0 0 0 0 0 0 0 0;
 INPUT ---        1 0 0 0 1 0 0 0 0 0 0 1 0 0 0 0 0 0 0;
 INPUT ---        1 0 0 0 0 1 0 0 0 0 1 0 0 0 0 0 0 0 0;
 INPUT ---        1 0 0 0 0 1 0 0 0 0 0 1 0 0 0 0 0 0 0;
 INPUT ---        1 0 0 0 0 0 1 0 0 0 0 1 0 0 0 0 0 0 0;
 INPUT ---        1 1 0 0 0 0 0 0 0 0 0 0 0 0 0 0 0 0 0;
 INPUT ---        1 1 0 0 0 0 0 1 0 0 0 0 0 0 0 0 0 0 0;
 INPUT ---        1 1 0 0 0 0 0 0 1 0 0 0 0 0 0 0 0 0 0;
 INPUT ---        1 1 0 0 0 0 0 0 0 1 0 0 0 0 0 0 0 0 0;
 INPUT ---        1 1 0 0 0 0 0 0 0 0 1 0 0 0 0 0 0 0 0;
 INPUT ---        1 1 0 0 0 0 0 0 0 0 0 1 0 0 0 0 0 0 0;
 INPUT ---        1 1 1 0 0 0 0 1 0 0 0 0 0 0 0 0 0 0 0;
 INPUT ---        1 1 1 0 0 0 0 0 1 0 0 0 0 0 0 0 0 0 0;
 INPUT ---        1 1 1 0 0 0 0 0 0 1 0 0 0 0 0 0 0 0 0;
 INPUT ---        1 1 1 0 0 0 0 0 0 0 1 0 0 0 0 0 0 0 0;
 INPUT ---        1 1 1 0 0 0 0 0 0 0 0 1 0 0 0 0 0 0 0;
 INPUT ---        1 1 0 1 0 0 0 0 1 0 0 0 0 0 0 0 0 0 0;
 INPUT ---        1 1 0 1 0 0 0 0 0 1 0 0 0 0 0 0 0 0 0;
 INPUT ---        1 1 0 1 0 0 0 0 0 0 1 0 0 0 0 0 0 0 0;
 INPUT ---        1 1 0 1 0 0 0 0 0 0 0 1 0 0 0 0 0 0 0;
 INPUT ---        1 1 0 0 1 0 0 0 0 1 0 0 0 0 0 0 0 0 0;
 INPUT ---        1 1 0 0 1 0 0 0 0 0 1 0 0 0 0 0 0 0 0;
 INPUT ---        1 1 0 0 1 0 0 0 0 0 0 1 0 0 0 0 0 0 0;
 INPUT ---        1 1 0 0 0 1 0 0 0 0 1 0 0 0 0 0 0 0 0;
 INPUT ---        1 1 0 0 0 1 0 0 0 0 0 1 0 0 0 0 0 0 0;
 INPUT ---        1 1 0 0 0 0 1 0 0 0 0 1 0 0 0 0 0 0 0;
 INPUT ---        0 0 0 0 0 0 0 0 0 0 0 0 1 0 0 0 0 0 0;
 INPUT ---        0 0 0 0 0 0 0 0 0 0 0 0 1 0 1 0 0 0 0;
 INPUT ---        0 0 0 0 0 0 0 0 0 0 0 0 1 0 0 1 0 0 0;
 INPUT ---        0 0 0 0 0 0 0 0 0 0 0 0 1 0 0 0 1 0 0;
 INPUT ---        0 0 0 0 0 0 0 0 0 0 0 0 1 0 0 0 0 1 0;
 INPUT ---        0 0 0 0 0 0 0 0 0 0 0 0 1 0 0 0 0 0 1;
 INPUT ---        0 0 0 0 0 0 0 0 0 0 0 0 1 1 0 0 0 0 0;
 INPUT ---        0 0 0 0 0 0 0 0 0 0 0 0 1 1 1 0 0 0 0;
 INPUT ---        0 0 0 0 0 0 0 0 0 0 0 0 1 1 0 1 0 0 0;
 INPUT ---        0 0 0 0 0 0 0 0 0 0 0 0 1 1 0 0 1 0 0;
 INPUT ---        0 0 0 0 0 0 0 0 0 0 0 0 1 1 0 0 0 1 0;
 INPUT ---        0 0 0 0 0 0 0 0 0 0 0 0 1 1 0 0 0 0 1;
 INPUT ---       blabel(1)=Phi:(Intercept);
 INPUT ---       blabel(2)=Phi:sexMale;
 INPUT ---       blabel(3)=Phi:cohort1982;
 INPUT ---       blabel(4)=Phi:cohort1983;
 INPUT ---       blabel(5)=Phi:cohort1984;

Program  MARK  - Survival Rate Estimation with Capture-Recapture Data
 gfortran(dble/PIM2) Vers. 11.2 Nov 2025  24-Feb-2026 10:37:26    Page  004
 - - - - - - - - - - - - - - - - - - - - - - - - - - - - - - - - - - - - - -
 
 INPUT ---       blabel(6)=Phi:cohort1985;
 INPUT ---       blabel(7)=Phi:cohort1986;
 INPUT ---       blabel(8)=Phi:time1982;
 INPUT ---       blabel(9)=Phi:time1983;
 INPUT ---       blabel(10)=Phi:time1984;
 INPUT ---       blabel(11)=Phi:time1985;
 INPUT ---       blabel(12)=Phi:time1986;
 INPUT ---       blabel(13)=p:(Intercept);
 INPUT ---       blabel(14)=p:sexMale;
 INPUT ---       blabel(15)=p:time1983;
 INPUT ---       blabel(16)=p:time1984;
 INPUT ---       blabel(17)=p:time1985;
 INPUT ---       blabel(18)=p:time1986;
 INPUT ---       blabel(19)=p:time1987;
 INPUT ---       rlabel(1)=Phi gFemale c1981 a0 t1981;
 INPUT ---       rlabel(2)=Phi gFemale c1981 a1 t1982;
 INPUT ---       rlabel(3)=Phi gFemale c1981 a2 t1983;
 INPUT ---       rlabel(4)=Phi gFemale c1981 a3 t1984;
 INPUT ---       rlabel(5)=Phi gFemale c1981 a4 t1985;
 INPUT ---       rlabel(6)=Phi gFemale c1981 a5 t1986;
 INPUT ---       rlabel(7)=Phi gFemale c1982 a0 t1982;
 INPUT ---       rlabel(8)=Phi gFemale c1982 a1 t1983;
 INPUT ---       rlabel(9)=Phi gFemale c1982 a2 t1984;
 INPUT ---       rlabel(10)=Phi gFemale c1982 a3 t1985;
 INPUT ---       rlabel(11)=Phi gFemale c1982 a4 t1986;
 INPUT ---       rlabel(12)=Phi gFemale c1983 a0 t1983;
 INPUT ---       rlabel(13)=Phi gFemale c1983 a1 t1984;
 INPUT ---       rlabel(14)=Phi gFemale c1983 a2 t1985;
 INPUT ---       rlabel(15)=Phi gFemale c1983 a3 t1986;
 INPUT ---       rlabel(16)=Phi gFemale c1984 a0 t1984;
 INPUT ---       rlabel(17)=Phi gFemale c1984 a1 t1985;
 INPUT ---       rlabel(18)=Phi gFemale c1984 a2 t1986;
 INPUT ---       rlabel(19)=Phi gFemale c1985 a0 t1985;
 INPUT ---       rlabel(20)=Phi gFemale c1985 a1 t1986;
 INPUT ---       rlabel(21)=Phi gFemale c1986 a0 t1986;
 INPUT ---       rlabel(22)=Phi gMale c1981 a0 t1981;
 INPUT ---       rlabel(23)=Phi gMale c1981 a1 t1982;
 INPUT ---       rlabel(24)=Phi gMale c1981 a2 t1983;
 INPUT ---       rlabel(25)=Phi gMale c1981 a3 t1984;
 INPUT ---       rlabel(26)=Phi gMale c1981 a4 t1985;
 INPUT ---       rlabel(27)=Phi gMale c1981 a5 t1986;
 INPUT ---       rlabel(28)=Phi gMale c1982 a0 t1982;
 INPUT ---       rlabel(29)=Phi gMale c1982 a1 t1983;
 INPUT ---       rlabel(30)=Phi gMale c1982 a2 t1984;
 INPUT ---       rlabel(31)=Phi gMale c1982 a3 t1985;
 INPUT ---       rlabel(32)=Phi gMale c1982 a4 t1986;

Program  MARK  - Survival Rate Estimation with Capture-Recapture Data
 gfortran(dble/PIM2) Vers. 11.2 Nov 2025  24-Feb-2026 10:37:26    Page  005
 - - - - - - - - - - - - - - - - - - - - - - - - - - - - - - - - - - - - - -
 
 INPUT ---       rlabel(33)=Phi gMale c1983 a0 t1983;
 INPUT ---       rlabel(34)=Phi gMale c1983 a1 t1984;
 INPUT ---       rlabel(35)=Phi gMale c1983 a2 t1985;
 INPUT ---       rlabel(36)=Phi gMale c1983 a3 t1986;
 INPUT ---       rlabel(37)=Phi gMale c1984 a0 t1984;
 INPUT ---       rlabel(38)=Phi gMale c1984 a1 t1985;
 INPUT ---       rlabel(39)=Phi gMale c1984 a2 t1986;
 INPUT ---       rlabel(40)=Phi gMale c1985 a0 t1985;
 INPUT ---       rlabel(41)=Phi gMale c1985 a1 t1986;
 INPUT ---       rlabel(42)=Phi gMale c1986 a0 t1986;
 INPUT ---       rlabel(43)=p gFemale c1981 a1 t1982;
 INPUT ---       rlabel(44)=p gFemale c1981 a2 t1983;
 INPUT ---       rlabel(45)=p gFemale c1981 a3 t1984;
 INPUT ---       rlabel(46)=p gFemale c1981 a4 t1985;
 INPUT ---       rlabel(47)=p gFemale c1981 a5 t1986;
 INPUT ---       rlabel(48)=p gFemale c1981 a6 t1987;
 INPUT ---       rlabel(49)=p gMale c1981 a1 t1982;
 INPUT ---       rlabel(50)=p gMale c1981 a2 t1983;
 INPUT ---       rlabel(51)=p gMale c1981 a3 t1984;
 INPUT ---       rlabel(52)=p gMale c1981 a4 t1985;
 INPUT ---       rlabel(53)=p gMale c1981 a5 t1986;
 INPUT ---       rlabel(54)=p gMale c1981 a6 t1987;
   Model is { Phi(~sex + cohort + time)p(~sex + time) }

 Link Function Used is LOGIT        

 Variance Estimation Procedure Used is 2ndPart 
 -2logL(saturated) = 582.47711     
 Effective Sample Size = 426

 Number of function evaluations was 39 for 19 parameters.
 For numerical optimization, CPU Time was 0.578 secs and System Time was 0.234 secs.
 -2logL { Phi(~sex + cohort + time)p(~sex + time) } = 650.46944     
 Penalty { Phi(~sex + cohort + time)p(~sex + time) } = 0.0000000     
 Gradient { Phi(~sex + cohort + time)p(~sex + time) }:
   0.0000       0.0000       0.0000      4.68806E-06  7.04536E-06
   0.0000       0.0000       0.0000      5.49311E-06   0.0000    
   0.0000       0.0000      4.60488E-06  4.67927E-06   0.0000    
  3.33423E-06   0.0000       0.0000      7.19629E-06
 Maximum ABS(G) { Phi(~sex + cohort + time)p(~sex + time) } =  7.19629E-06
 To compute VC matrix, CPU Time was 0.359 secs and System Time was 0.313 secs.
 S Vector { Phi(~sex + cohort + time)p(~sex + time) }:
   149.2642      32.15803      29.09633      28.14000      21.49479    
   18.89007      10.02639      8.814331      7.375450      5.437120    
   3.271780      2.880538      2.271150      1.800657      1.382590    
   1.063959     0.5016553     0.3186461     0.1199384    
 To invert VC matrix, CPU Time was 0.001 secs and System Time was 0.001 secs.
 Ratio Threshold = 50.00 Max Gap (1/2) = 4.642 Next Max Gap (1/2) = 4.642

Program  MARK  - Survival Rate Estimation with Capture-Recapture Data
 gfortran(dble/PIM2) Vers. 11.2 Nov 2025  24-Feb-2026 10:37:27    Page  006
 - - - - - - - - - - - - - - - - - - - - - - - - - - - - - - - - - - - - - -
 
 Gap Method for Num. of Estimated Parameters { Phi(~sex + cohort + time)p(~sex + time) } = 19          
 Threshold { Phi(~sex + cohort + time)p(~sex + time) } = 0.1439258E-04           
 Numerical Threshold Method for Num. of Estimated Parameters { Phi(~sex + cohort + time)p(~sex + time) } = 19          
 Number of Estimated Parameters { Phi(~sex + cohort + time)p(~sex + time) } = 19          
 DEVIANCE { Phi(~sex + cohort + time)p(~sex + time) } = 67.992325               
 DEVIANCE Degrees of Freedom { Phi(~sex + cohort + time)p(~sex + time) } = 22          
 c-hat { Phi(~sex + cohort + time)p(~sex + time) } = 3.0905602               
 AIC { Phi(~sex + cohort + time)p(~sex + time) } = 688.46944               
 AICc { Phi(~sex + cohort + time)p(~sex + time) } = 690.34136               
 BIC { Phi(~sex + cohort + time)p(~sex + time) } = 765.50378               
 Pearson Chisquare { Phi(~sex + cohort + time)p(~sex + time) } = 185.50767               
 Possible Encounter Histories { Phi(~sex + cohort + time)p(~sex + time) } = 252          
 Pearson Chisquare df { Phi(~sex + cohort + time)p(~sex + time) } = 221          
 Pearson chat { Phi(~sex + cohort + time)p(~sex + time) } = 0.8394012               
 Sum(Observed/Expected) { Phi(~sex + cohort + time)p(~sex + time) } = 221.61376               
 s-bar { Phi(~sex + cohort + time)p(~sex + time) } = -0.1266093              
 Fletcher chat { Phi(~sex + cohort + time)p(~sex + time) } = 0.9610833               


      LOGIT Link Function Parameters of { Phi(~sex + cohort + time)p(~sex + time) }
                                                              95% Confidence Interval
    Parameter                  Beta         Standard Error     Lower           Upper
 -------------------------  --------------  --------------  --------------  --------------
    1:Phi:(Intercept)        0.8406010       0.6864151      -0.5047726       2.1859747    
    2:Phi:sexMale           -0.0727220       0.2354037      -0.5341133       0.3886692    
    3:Phi:cohort1982        -0.2464788       0.4698057      -1.1672980       0.6743404    
    4:Phi:cohort1983        -0.6274101       0.5054820      -1.6181549       0.3633346    
    5:Phi:cohort1984         0.0828957       0.5520236      -0.9990705       1.1648619    
    6:Phi:cohort1985         0.2367586       0.6290806      -0.9962395       1.4697566    
    7:Phi:cohort1986        -0.3756310       0.9730043      -2.2827194       1.5314575    
    8:Phi:time1982          -0.8852209       0.9286107      -2.7052979       0.9348561    
    9:Phi:time1983          -0.3889023       0.9032576      -2.1592872       1.3814826    
   10:Phi:time1984          -0.1097905       0.9204075      -1.9137892       1.6942082    
   11:Phi:time1985          -0.4519265       0.9368393      -2.2881315       1.3842785    
   12:Phi:time1986           0.3305588       1.7816603      -3.1614955       3.8226131    
   13:p:(Intercept)          0.6568077       0.8354469      -0.9806682       2.2942837    
   14:p:sexMale              0.6304660       0.5480650      -0.4437415       1.7046734    
   15:p:time1983             1.7331405       1.3106127      -0.8356603       4.3019414    
   16:p:time1984             1.2882004       1.0956218      -0.8592184       3.4356192    
   17:p:time1985             1.2147468       1.0118537      -0.7684865       3.1979802    
   18:p:time1986             1.7595194       1.0897836      -0.3764564       3.8954952    
   19:p:time1987             0.0601845       1.4715682      -2.8240893       2.9444584    

Program  MARK  - Survival Rate Estimation with Capture-Recapture Data
 gfortran(dble/PIM2) Vers. 11.2 Nov 2025  24-Feb-2026 10:37:27    Page  007
 - - - - - - - - - - - - - - - - - - - - - - - - - - - - - - - - - - - - - -
 
         Real Function Parameters of { Phi(~sex + cohort + time)p(~sex + time) }
                                                               95% Confidence Interval
     Parameter                Estimate       Standard Error     Lower           Upper
 --------------------------  --------------  --------------  --------------  --------------
     1:Phi gFemale c1981 a0   0.6985918       0.1445325       0.3764197       0.8989829       
     2:Phi gFemale c1981 a1   0.4888469       0.1217466       0.2690224       0.7130715       
     3:Phi gFemale c1981 a2   0.6110430       0.1212097       0.3663547       0.8101961       
     4:Phi gFemale c1981 a3   0.6749831       0.1186556       0.4184142       0.8570385       
     5:Phi gFemale c1981 a4   0.5959636       0.1361162       0.3275494       0.8170726       
     6:Phi gFemale c1981 a5   0.7633546       0.2933312       0.1180010       0.9873056       
     7:Phi gFemale c1982 a0   0.4277349       0.0743002       0.2919277       0.5753816       
     8:Phi gFemale c1982 a1   0.5511257       0.0928341       0.3704494       0.7192469       
     9:Phi gFemale c1982 a2   0.6187702       0.0996743       0.4148758       0.7879326       
    10:Phi gFemale c1982 a3   0.5354892       0.1107243       0.3251336       0.7339331       
    11:Phi gFemale c1982 a4   0.7159949       0.3049504       0.1176728       0.9794477       
    12:Phi gFemale c1983 a0   0.4561848       0.0749980       0.3168587       0.6027227       
    13:Phi gFemale c1983 a1   0.5258271       0.0920821       0.3496780       0.6957743       
    14:Phi gFemale c1983 a2   0.4405980       0.1008397       0.2610271       0.6371848       
    15:Phi gFemale c1983 a3   0.6326843       0.3417198       0.0880012       0.9685008       
    16:Phi gFemale c1984 a0   0.6928987       0.0720091       0.5375376       0.8141158       
    17:Phi gFemale c1984 a1   0.6157553       0.0837216       0.4447319       0.7622618       
    18:Phi gFemale c1984 a2   0.7780011       0.2481235       0.1734046       0.9832060       
    19:Phi gFemale c1985 a0   0.6514532       0.0797671       0.4842260       0.7881789       
    20:Phi gFemale c1985 a1   0.8034374       0.2250592       0.2001643       0.9852420       
    21:Phi gFemale c1986 a0   0.6890172       0.2363681       0.2031721       0.9506235       
    22:Phi gMale c1981 a0 t   0.6830619       0.1481856       0.3603754       0.8918225       
    23:Phi gMale c1981 a1 t   0.4706981       0.1187973       0.2588561       0.6936499       
    24:Phi gMale c1981 a2 t   0.5936263       0.1217497       0.3520077       0.7970858       
    25:Phi gMale c1981 a3 t   0.6588309       0.1209821       0.4020656       0.8472305       
    26:Phi gMale c1981 a4 t   0.5783375       0.1377355       0.3119394       0.8058041       
    27:Phi gMale c1981 a5 t   0.7499673       0.2956493       0.1200652       0.9850604       
    28:Phi gMale c1982 a0 t   0.4100350       0.0775871       0.2704274       0.5658193       
    29:Phi gMale c1982 a1 t   0.5330761       0.0983742       0.3447616       0.7124150       
    30:Phi gMale c1982 a2 t   0.6014738       0.1062476       0.3876613       0.7825133       
    31:Phi gMale c1982 a3 t   0.5173615       0.1166830       0.3001833       0.7281730       
    32:Phi gMale c1982 a4 t   0.7009779       0.3051112       0.1190903       0.9759902       
    33:Phi gMale c1983 a0 t   0.4382091       0.0736383       0.3026497       0.5836670       
    34:Phi gMale c1983 a1 t   0.5076690       0.0925178       0.3329590       0.6805257       
    35:Phi gMale c1983 a2 t   0.4227590       0.1007070       0.2459550       0.6218454       
    36:Phi gMale c1983 a3 t   0.6156270       0.3358755       0.0902148       0.9627833       
    37:Phi gMale c1984 a0 t   0.6772110       0.0726201       0.5224475       0.8009302       
    38:Phi gMale c1984 a1 t   0.5984109       0.0844000       0.4281228       0.7478561       
    39:Phi gMale c1984 a2 t   0.7651875       0.2484218       0.1782004       0.9799889       
    40:Phi gMale c1985 a0 t   0.6347644       0.0789582       0.4713279       0.7721051       
    41:Phi gMale c1985 a1 t   0.7916989       0.2257020       0.2063113       0.9823237       

Program  MARK  - Survival Rate Estimation with Capture-Recapture Data
 gfortran(dble/PIM2) Vers. 11.2 Nov 2025  24-Feb-2026 10:37:27    Page  008
 - - - - - - - - - - - - - - - - - - - - - - - - - - - - - - - - - - - - - -
 
    42:Phi gMale c1986 a0 t   0.6732248       0.2314936       0.2075669       0.9418745       
    43:p gFemale c1981 a1 t   0.6585429       0.1878620       0.2727592       0.9084025       
    44:p gFemale c1981 a2 t   0.9160576       0.0805019       0.5837144       0.9883630       
    45:p gFemale c1981 a3 t   0.8749013       0.0843183       0.6070781       0.9693790       
    46:p gFemale c1981 a4 t   0.8666381       0.0739401       0.6496827       0.9579310       
    47:p gFemale c1981 a5 t   0.9180639       0.0569332       0.7176584       0.9801554       
    48:p gFemale c1981 a6 t   0.6719444       0.2576542       0.1716552       0.9529309       
    49:p gMale c1981 a1 t19   0.7836854       0.1485564       0.3940504       0.9527934       
    50:p gMale c1981 a2 t19   0.9534879       0.0484421       0.7067204       0.9942986       
    51:p gMale c1981 a3 t19   0.9292664       0.0533679       0.7279226       0.9847355       
    52:p gMale c1981 a4 t19   0.9242833       0.0491406       0.7550561       0.9797328       
    53:p gMale c1981 a5 t19   0.9546439       0.0350044       0.8118780       0.9903522       
    54:p gMale c1981 a6 t19   0.7937138       0.2151920       0.2264345       0.9806110       

 To compute parameter estimates, CPU Time was 0.016 secs and System Time was 0.016 secs.

 For procedure estimate CPU Time was 1.016 secs and System Time was 1.766 secs.
 INPUT --- proc stop;

 For this job, CPU Time in mins was 0.017 and System Time in mins was 0.030.

     Time Start = 10:37:25.252   Time End = 10:37:27.045

 Wall Clock Time in mins for this job was 0.029.

 Maximum of 19 words used.


          E X E C U T I O N   S U C C E S S F U L
